
> eusai_crm@0.1.0 build
> next build

node.exe : ÔÜá Warning: 
Next.js inferred your 
workspace root, but it 
may not be correct.
At C:\Program 
Files\nodejs\npm.ps1:29 
char:3
+   & $NODE_EXE 
$NPM_CLI_JS $args
+   ~~~~~~~~~~~~~~~~~~~~
~~~~~~~~~
    + CategoryInfo      
        : NotSpeci    
fied: (ÔÜá Warnin    g: 
Ne...not be co    
rrect.:String) []    , 
RemoteException
    + FullyQualifiedE   
 rrorId : NativeCo    
mmandError
 
 We detected multiple 
lockfiles and selected 
the directory of C:\User
s\kamle\package-lock.jso
n as the root directory.
 To silence this 
warning, set 
`turbopack.root` in 
your Next.js config, or 
consider removing one 
of the lockfiles if 
it's not needed.
   See https://nextjs.or
g/docs/app/api-reference
/config/next-config-js/t
urbopack#root-directory 
for more information.
 Detected additional 
lockfiles: 
   * C:\Users\kamle\OneD
rive\Desktop\EUSAI CRM\e
usai_crm\package-lock.js
on

Ôû▓ Next.js 16.1.6 (Turbopack)
- Environments: .env

ÔÜá The "middleware" 
file convention is 
deprecated. Please use 
"proxy" instead. Learn 
more: https://nextjs.org
/docs/messages/middlewar
e-to-proxy
  Creating an optimized production build ...

> Build error occurred
Error: Turbopack build 
failed with 1 errors:
./OneDrive/Desktop/EUSAI
 CRM/eusai_crm/src/app/a
pi/orders/route.ts:3:1
Export prisma doesn't 
exist in target module
[0m [90m 1 |[39m
 [90m 2 |[39m 
[36mimport[39m { 
[33mNextResponse[39m 
} [36mfrom[39m [32m'n
ext/server'[39m[33m;[
39m
[31m[1m>[22m[39m[90
m 3 |[39m 
[36mimport[39m { 
prisma } [36mfrom[39m 
[32m'@/lib/prisma'[39m
[33m;[39m
 [90m   |[39m [31m[1
m^[22m[39m[31m[1m^[
22m[39m[31m[1m^[22m
[39m[31m[1m^[22m[39m
[31m[1m^[22m[39m[31
m[1m^[22m[39m[31m[1
m^[22m[39m[31m[1m^[
22m[39m[31m[1m^[22m
[39m[31m[1m^[22m[39m
[31m[1m^[22m[39m[31
m[1m^[22m[39m[31m[1
m^[22m[39m[31m[1m^[
22m[39m[31m[1m^[22m
[39m[31m[1m^[22m[39m
[31m[1m^[22m[39m[31
m[1m^[22m[39m[31m[1
m^[22m[39m[31m[1m^[
22m[39m[31m[1m^[22m
[39m[31m[1m^[22m[39m
[31m[1m^[22m[39m[31
m[1m^[22m[39m[31m[1
m^[22m[39m[31m[1m^[
22m[39m[31m[1m^[22m
[39m[31m[1m^[22m[39m
[31m[1m^[22m[39m[31
m[1m^[22m[39m[31m[1
m^[22m[39m[31m[1m^[
22m[39m[31m[1m^[22m
[39m[31m[1m^[22m[39m
[31m[1m^[22m[39m[31
m[1m^[22m[39m[31m[1
m^[22m[39m[31m[1m^[
22m[39m
 [90m 4 |[39m 
[36mimport[39m { 
getServerSession } 
[36mfrom[39m [32m'nex
t-auth'[39m[33m;[39m
 [90m 5 |[39m 
[36mimport[39m { 
authOptions } 
[36mfrom[39m [32m"@/l
ib/auth"[39m[33m;[39m
 [90m 6 |[39m[0m

The export prisma was 
not found in module [pro
ject]/OneDrive/Desktop/E
USAI CRM/eusai_crm/src/l
ib/prisma.ts 
[app-route] 
(ecmascript).
Did you mean to import 
default?
All exports of the 
module are statically 
known (It doesn't have 
dynamic exports). So 
it's known statically 
that the requested 
export doesn't exist.


    at <unknown> (./OneD
rive/Desktop/EUSAI CRM/e
usai_crm/src/app/api/ord
ers/route.ts:3:1)
