node_modules/@auth/core/lib/utils/cookie.d.ts(1,45): error TS2305: Module '"../../types.js"' has no exported member 'RequestInternal'.
node_modules/@auth/core/lib/utils/cookie.d.ts(95,5): error TS18028: Private identifiers are only available when targeting ECMAScript 2015 and higher.
node_modules/@auth/core/lib/utils/webauthn-utils.d.ts(2,48): error TS2305: Module '"../../types.js"' has no exported member 'InternalOptions'.
node_modules/@auth/core/lib/utils/webauthn-utils.d.ts(2,65): error TS2305: Module '"../../types.js"' has no exported member 'RequestInternal'.
node_modules/@auth/core/lib/utils/webauthn-utils.d.ts(4,105): error TS2307: Cannot find module '@simplewebauthn/types' or its corresponding type declarations.
node_modules/@auth/core/providers/oauth.d.ts(14,44): error TS2552: Cannot find name 'EndpointHandler'. Did you mean 'TokenEndpointHandler'?
node_modules/@auth/core/providers/oauth.d.ts(15,36): error TS2552: Cannot find name 'EndpointHandler'. Did you mean 'TokenEndpointHandler'?
node_modules/@auth/core/providers/oauth.d.ts(29,39): error TS2552: Cannot find name 'EndpointHandler'. Did you mean 'TokenEndpointHandler'?
node_modules/@auth/core/providers/oauth.d.ts(176,43): error TS2552: Cannot find name 'OAuthConfigInternal'. Did you mean 'OIDCConfigInternal'?
node_modules/@auth/core/providers/webauthn.d.ts(1,134): error TS2307: Cannot find module '@simplewebauthn/server' or its corresponding type declarations.
node_modules/@auth/core/providers/webauthn.d.ts(3,155): error TS2307: Cannot find module '@simplewebauthn/server' or its corresponding type declarations.
node_modules/@auth/core/providers/webauthn.d.ts(4,15): error TS2305: Module '"../types.js"' has no exported member 'InternalOptions'.
node_modules/@auth/core/providers/webauthn.d.ts(4,32): error TS2305: Module '"../types.js"' has no exported member 'RequestInternal'.
node_modules/next-auth/adapters.d.ts(8,18): error TS2430: Interface 'AdapterAccount' incorrectly extends interface 'Account'.
  Types of property 'type' are incompatible.
    Type '"email" | "oidc" | "oauth"' is not assignable to type 'ProviderType'.
      Type '"oidc"' is not assignable to type 'ProviderType'.
node_modules/next-auth/core/lib/cookie.d.ts(31,5): error TS18028: Private identifiers are only available when targeting ECMAScript 2015 and higher.
node_modules/next-auth/react/index.d.ts(86,71): error TS2503: Cannot find namespace 'JSX'.
node_modules/next/dist/build/webpack/loaders/next-app-loader/index.d.ts(1,13): error TS2613: Module '"next/dist/compiled/webpack/webpack"' has no default export. Did you mean to use 'import { webpack } from "next/dist/compiled/webpack/webpack"' instead?
node_modules/next/dist/client/components/error-boundary.d.ts(1,8): error TS1259: Module '"C:/Users/kamle/OneDrive/Desktop/EUSAI CRM/eusai_crm/node_modules/@types/react/index"' can only be default-imported using the 'esModuleInterop' flag
node_modules/next/dist/client/components/http-access-fallback/error-boundary.d.ts(11,8): error TS1259: Module '"C:/Users/kamle/OneDrive/Desktop/EUSAI CRM/eusai_crm/node_modules/@types/react/index"' can only be default-imported using the 'esModuleInterop' flag
node_modules/next/dist/client/components/layout-router.d.ts(2,8): error TS1259: Module '"C:/Users/kamle/OneDrive/Desktop/EUSAI CRM/eusai_crm/node_modules/@types/react/index"' can only be default-imported using the 'esModuleInterop' flag
node_modules/next/dist/client/image-component.d.ts(1,8): error TS1259: Module '"C:/Users/kamle/OneDrive/Desktop/EUSAI CRM/eusai_crm/node_modules/@types/react/index"' can only be default-imported using the 'esModuleInterop' flag
node_modules/next/dist/client/link.d.ts(1,8): error TS1259: Module '"C:/Users/kamle/OneDrive/Desktop/EUSAI CRM/eusai_crm/node_modules/@types/react/index"' can only be default-imported using the 'esModuleInterop' flag
node_modules/next/dist/client/script.d.ts(1,8): error TS1259: Module '"C:/Users/kamle/OneDrive/Desktop/EUSAI CRM/eusai_crm/node_modules/@types/react/index"' can only be default-imported using the 'esModuleInterop' flag
node_modules/next/dist/client/with-router.d.ts(1,8): error TS1259: Module '"C:/Users/kamle/OneDrive/Desktop/EUSAI CRM/eusai_crm/node_modules/@types/react/index"' can only be default-imported using the 'esModuleInterop' flag
node_modules/next/dist/lib/metadata/metadata.d.ts(1,8): error TS1259: Module '"C:/Users/kamle/OneDrive/Desktop/EUSAI CRM/eusai_crm/node_modules/@types/react/index"' can only be default-imported using the 'esModuleInterop' flag
node_modules/next/dist/next-devtools/userspace/pages/pages-dev-overlay-setup.d.ts(1,8): error TS1259: Module '"C:/Users/kamle/OneDrive/Desktop/EUSAI CRM/eusai_crm/node_modules/@types/react/index"' can only be default-imported using the 'esModuleInterop' flag
node_modules/next/dist/pages/_app.d.ts(1,8): error TS1259: Module '"C:/Users/kamle/OneDrive/Desktop/EUSAI CRM/eusai_crm/node_modules/@types/react/index"' can only be default-imported using the 'esModuleInterop' flag
node_modules/next/dist/pages/_document.d.ts(1,8): error TS1259: Module '"C:/Users/kamle/OneDrive/Desktop/EUSAI CRM/eusai_crm/node_modules/@types/react/index"' can only be default-imported using the 'esModuleInterop' flag
node_modules/next/dist/pages/_error.d.ts(1,8): error TS1259: Module '"C:/Users/kamle/OneDrive/Desktop/EUSAI CRM/eusai_crm/node_modules/@types/react/index"' can only be default-imported using the 'esModuleInterop' flag
node_modules/next/dist/server/app-render/types.d.ts(10,8): error TS1192: Module '"next/dist/compiled/superstruct"' has no default export.
node_modules/next/dist/server/web/spec-extension/adapters/headers.d.ts(39,16): error TS2304: Cannot find name 'HeadersIterator'.
node_modules/next/dist/server/web/spec-extension/adapters/headers.d.ts(40,13): error TS2304: Cannot find name 'HeadersIterator'.
node_modules/next/dist/server/web/spec-extension/adapters/headers.d.ts(41,15): error TS2304: Cannot find name 'HeadersIterator'.
node_modules/next/dist/server/web/spec-extension/adapters/headers.d.ts(42,26): error TS2304: Cannot find name 'HeadersIterator'.
node_modules/next/dist/shared/lib/app-router-context.shared-runtime.d.ts(4,8): error TS1259: Module '"C:/Users/kamle/OneDrive/Desktop/EUSAI CRM/eusai_crm/node_modules/@types/react/index"' can only be default-imported using the 'esModuleInterop' flag
node_modules/next/dist/shared/lib/app-router-types.d.ts(7,13): error TS1259: Module '"C:/Users/kamle/OneDrive/Desktop/EUSAI CRM/eusai_crm/node_modules/@types/react/index"' can only be default-imported using the 'esModuleInterop' flag
node_modules/next/dist/shared/lib/dynamic.d.ts(1,8): error TS1259: Module '"C:/Users/kamle/OneDrive/Desktop/EUSAI CRM/eusai_crm/node_modules/@types/react/index"' can only be default-imported using the 'esModuleInterop' flag
node_modules/next/dist/shared/lib/head-manager-context.shared-runtime.d.ts(1,8): error TS1259: Module '"C:/Users/kamle/OneDrive/Desktop/EUSAI CRM/eusai_crm/node_modules/@types/react/index"' can only be default-imported using the 'esModuleInterop' flag
node_modules/next/dist/shared/lib/head.d.ts(1,8): error TS1259: Module '"C:/Users/kamle/OneDrive/Desktop/EUSAI CRM/eusai_crm/node_modules/@types/react/index"' can only be default-imported using the 'esModuleInterop' flag
node_modules/next/dist/shared/lib/image-config-context.shared-runtime.d.ts(1,8): error TS1259: Module '"C:/Users/kamle/OneDrive/Desktop/EUSAI CRM/eusai_crm/node_modules/@types/react/index"' can only be default-imported using the 'esModuleInterop' flag
node_modules/next/dist/shared/lib/loadable-context.shared-runtime.d.ts(1,8): error TS1259: Module '"C:/Users/kamle/OneDrive/Desktop/EUSAI CRM/eusai_crm/node_modules/@types/react/index"' can only be default-imported using the 'esModuleInterop' flag
node_modules/next/dist/shared/lib/loadable.shared-runtime.d.ts(21,8): error TS1259: Module '"C:/Users/kamle/OneDrive/Desktop/EUSAI CRM/eusai_crm/node_modules/@types/react/index"' can only be default-imported using the 'esModuleInterop' flag
node_modules/next/dist/shared/lib/router-context.shared-runtime.d.ts(1,8): error TS1259: Module '"C:/Users/kamle/OneDrive/Desktop/EUSAI CRM/eusai_crm/node_modules/@types/react/index"' can only be default-imported using the 'esModuleInterop' flag
node_modules/next/dist/shared/lib/server-inserted-html.shared-runtime.d.ts(1,8): error TS1259: Module '"C:/Users/kamle/OneDrive/Desktop/EUSAI CRM/eusai_crm/node_modules/@types/react/index"' can only be default-imported using the 'esModuleInterop' flag
node_modules/next/dist/shared/lib/utils.d.ts(10,13): error TS1192: Module '"fs"' has no default export.
node_modules/next/dist/styled-jsx/types/global.d.ts(1,8): error TS1259: Module '"C:/Users/kamle/OneDrive/Desktop/EUSAI CRM/eusai_crm/node_modules/@types/react/index"' can only be default-imported using the 'esModuleInterop' flag
src/app/reports/page.tsx(12,27): error TS2307: Cannot find module '@/lib/toast' or its corresponding type declarations.
src/app/reports/page.tsx(13,20): error TS2307: Cannot find module '@/lib/utils' or its corresponding type declarations.
src/app/reports/page.tsx(63,37): error TS2339: Property 'role' does not exist on type '{ name?: string; email?: string; image?: string; }'.
src/app/reports/page.tsx(137,13): error TS17004: Cannot use JSX unless the '--jsx' flag is provided.
src/app/reports/page.tsx(139,17): error TS17004: Cannot use JSX unless the '--jsx' flag is provided.
src/app/reports/page.tsx(140,21): error TS17004: Cannot use JSX unless the '--jsx' flag is provided.
src/app/reports/page.tsx(141,25): error TS17004: Cannot use JSX unless the '--jsx' flag is provided.
src/app/reports/page.tsx(142,29): error TS17004: Cannot use JSX unless the '--jsx' flag is provided.
src/app/reports/page.tsx(143,29): error TS17004: Cannot use JSX unless the '--jsx' flag is provided.
src/app/reports/page.tsx(145,25): error TS17004: Cannot use JSX unless the '--jsx' flag is provided.
src/app/reports/page.tsx(146,25): error TS17004: Cannot use JSX unless the '--jsx' flag is provided.
src/app/reports/page.tsx(148,21): error TS17004: Cannot use JSX unless the '--jsx' flag is provided.
src/app/reports/page.tsx(149,25): error TS17004: Cannot use JSX unless the '--jsx' flag is provided.
src/app/reports/page.tsx(150,29): error TS17004: Cannot use JSX unless the '--jsx' flag is provided.
src/app/reports/page.tsx(151,29): error TS17004: Cannot use JSX unless the '--jsx' flag is provided.
src/app/reports/page.tsx(153,25): error TS17004: Cannot use JSX unless the '--jsx' flag is provided.
src/app/reports/page.tsx(154,25): error TS17004: Cannot use JSX unless the '--jsx' flag is provided.
src/app/reports/page.tsx(156,21): error TS17004: Cannot use JSX unless the '--jsx' flag is provided.
src/app/reports/page.tsx(157,25): error TS17004: Cannot use JSX unless the '--jsx' flag is provided.
src/app/reports/page.tsx(158,29): error TS17004: Cannot use JSX unless the '--jsx' flag is provided.
src/app/reports/page.tsx(159,29): error TS17004: Cannot use JSX unless the '--jsx' flag is provided.
src/app/reports/page.tsx(161,25): error TS17004: Cannot use JSX unless the '--jsx' flag is provided.
src/app/reports/page.tsx(162,25): error TS17004: Cannot use JSX unless the '--jsx' flag is provided.
src/app/reports/page.tsx(164,21): error TS17004: Cannot use JSX unless the '--jsx' flag is provided.
src/app/reports/page.tsx(165,25): error TS17004: Cannot use JSX unless the '--jsx' flag is provided.
src/app/reports/page.tsx(166,29): error TS17004: Cannot use JSX unless the '--jsx' flag is provided.
src/app/reports/page.tsx(167,29): error TS17004: Cannot use JSX unless the '--jsx' flag is provided.
src/app/reports/page.tsx(169,25): error TS17004: Cannot use JSX unless the '--jsx' flag is provided.
src/app/reports/page.tsx(170,25): error TS17004: Cannot use JSX unless the '--jsx' flag is provided.
src/app/reports/page.tsx(174,17): error TS17004: Cannot use JSX unless the '--jsx' flag is provided.
src/app/reports/page.tsx(176,21): error TS17004: Cannot use JSX unless the '--jsx' flag is provided.
src/app/reports/page.tsx(177,25): error TS17004: Cannot use JSX unless the '--jsx' flag is provided.
src/app/reports/page.tsx(178,29): error TS17004: Cannot use JSX unless the '--jsx' flag is provided.
src/app/reports/page.tsx(180,25): error TS17004: Cannot use JSX unless the '--jsx' flag is provided.
src/app/reports/page.tsx(182,33): error TS17004: Cannot use JSX unless the '--jsx' flag is provided.
src/app/reports/page.tsx(183,37): error TS17004: Cannot use JSX unless the '--jsx' flag is provided.
src/app/reports/page.tsx(184,41): error TS17004: Cannot use JSX unless the '--jsx' flag is provided.
src/app/reports/page.tsx(187,41): error TS17004: Cannot use JSX unless the '--jsx' flag is provided.
src/app/reports/page.tsx(188,45): error TS17004: Cannot use JSX unless the '--jsx' flag is provided.
src/app/reports/page.tsx(189,45): error TS17004: Cannot use JSX unless the '--jsx' flag is provided.
src/app/reports/page.tsx(190,49): error TS17004: Cannot use JSX unless the '--jsx' flag is provided.
src/app/reports/page.tsx(194,37): error TS17004: Cannot use JSX unless the '--jsx' flag is provided.
src/app/reports/page.tsx(195,41): error TS17004: Cannot use JSX unless the '--jsx' flag is provided.
src/app/reports/page.tsx(196,41): error TS17004: Cannot use JSX unless the '--jsx' flag is provided.
src/app/reports/page.tsx(204,21): error TS17004: Cannot use JSX unless the '--jsx' flag is provided.
src/app/reports/page.tsx(205,25): error TS17004: Cannot use JSX unless the '--jsx' flag is provided.
src/app/reports/page.tsx(206,29): error TS17004: Cannot use JSX unless the '--jsx' flag is provided.
src/app/reports/page.tsx(208,25): error TS17004: Cannot use JSX unless the '--jsx' flag is provided.
src/app/reports/page.tsx(210,33): error TS17004: Cannot use JSX unless the '--jsx' flag is provided.
src/app/reports/page.tsx(211,37): error TS17004: Cannot use JSX unless the '--jsx' flag is provided.
src/app/reports/page.tsx(212,41): error TS17004: Cannot use JSX unless the '--jsx' flag is provided.
src/app/reports/page.tsx(213,41): error TS17004: Cannot use JSX unless the '--jsx' flag is provided.
src/app/reports/page.tsx(220,37): error TS17004: Cannot use JSX unless the '--jsx' flag is provided.
src/app/reports/page.tsx(221,41): error TS17004: Cannot use JSX unless the '--jsx' flag is provided.
src/app/reports/page.tsx(223,37): error TS17004: Cannot use JSX unless the '--jsx' flag is provided.
src/app/reports/page.tsx(224,41): error TS17004: Cannot use JSX unless the '--jsx' flag is provided.
src/app/reports/page.tsx(225,41): error TS17004: Cannot use JSX unless the '--jsx' flag is provided.
src/app/reports/page.tsx(234,17): error TS17004: Cannot use JSX unless the '--jsx' flag is provided.
src/app/reports/page.tsx(235,21): error TS17004: Cannot use JSX unless the '--jsx' flag is provided.
src/app/reports/page.tsx(236,25): error TS17004: Cannot use JSX unless the '--jsx' flag is provided.
src/app/reports/page.tsx(238,21): error TS17004: Cannot use JSX unless the '--jsx' flag is provided.
src/app/reports/page.tsx(239,25): error TS17004: Cannot use JSX unless the '--jsx' flag is provided.
src/app/reports/page.tsx(240,29): error TS17004: Cannot use JSX unless the '--jsx' flag is provided.
src/app/reports/page.tsx(241,29): error TS17004: Cannot use JSX unless the '--jsx' flag is provided.
src/app/reports/page.tsx(242,29): error TS17004: Cannot use JSX unless the '--jsx' flag is provided.
src/app/reports/page.tsx(243,33): error TS17004: Cannot use JSX unless the '--jsx' flag is provided.
src/app/reports/page.tsx(246,25): error TS17004: Cannot use JSX unless the '--jsx' flag is provided.
src/app/reports/page.tsx(247,29): error TS17004: Cannot use JSX unless the '--jsx' flag is provided.
src/app/reports/page.tsx(248,29): error TS17004: Cannot use JSX unless the '--jsx' flag is provided.
src/app/reports/page.tsx(249,29): error TS17004: Cannot use JSX unless the '--jsx' flag is provided.
src/app/reports/page.tsx(251,25): error TS17004: Cannot use JSX unless the '--jsx' flag is provided.
src/app/reports/page.tsx(252,29): error TS17004: Cannot use JSX unless the '--jsx' flag is provided.
src/app/reports/page.tsx(253,29): error TS17004: Cannot use JSX unless the '--jsx' flag is provided.
src/app/reports/page.tsx(254,29): error TS17004: Cannot use JSX unless the '--jsx' flag is provided.
src/app/reports/page.tsx(256,25): error TS17004: Cannot use JSX unless the '--jsx' flag is provided.
src/app/reports/page.tsx(257,29): error TS17004: Cannot use JSX unless the '--jsx' flag is provided.
src/app/reports/page.tsx(258,29): error TS17004: Cannot use JSX unless the '--jsx' flag is provided.
src/app/reports/page.tsx(259,29): error TS17004: Cannot use JSX unless the '--jsx' flag is provided.
src/app/reports/page.tsx(272,13): error TS17004: Cannot use JSX unless the '--jsx' flag is provided.
src/app/reports/page.tsx(274,17): error TS17004: Cannot use JSX unless the '--jsx' flag is provided.
src/app/reports/page.tsx(275,21): error TS17004: Cannot use JSX unless the '--jsx' flag is provided.
src/app/reports/page.tsx(276,25): error TS17004: Cannot use JSX unless the '--jsx' flag is provided.
src/app/reports/page.tsx(277,25): error TS17004: Cannot use JSX unless the '--jsx' flag is provided.
src/app/reports/page.tsx(279,21): error TS17004: Cannot use JSX unless the '--jsx' flag is provided.
src/app/reports/page.tsx(280,25): error TS17004: Cannot use JSX unless the '--jsx' flag is provided.
src/app/reports/page.tsx(281,25): error TS17004: Cannot use JSX unless the '--jsx' flag is provided.
src/app/reports/page.tsx(282,25): error TS17004: Cannot use JSX unless the '--jsx' flag is provided.
src/app/reports/page.tsx(283,29): error TS17004: Cannot use JSX unless the '--jsx' flag is provided.
src/app/reports/page.tsx(286,21): error TS17004: Cannot use JSX unless the '--jsx' flag is provided.
src/app/reports/page.tsx(287,25): error TS17004: Cannot use JSX unless the '--jsx' flag is provided.
src/app/reports/page.tsx(288,25): error TS17004: Cannot use JSX unless the '--jsx' flag is provided.
src/app/reports/page.tsx(292,21): error TS17004: Cannot use JSX unless the '--jsx' flag is provided.
src/app/reports/page.tsx(293,25): error TS17004: Cannot use JSX unless the '--jsx' flag is provided.
src/app/reports/page.tsx(294,25): error TS17004: Cannot use JSX unless the '--jsx' flag is provided.
src/app/reports/page.tsx(298,17): error TS17004: Cannot use JSX unless the '--jsx' flag is provided.
src/app/reports/page.tsx(300,21): error TS17004: Cannot use JSX unless the '--jsx' flag is provided.
src/app/reports/page.tsx(301,25): error TS17004: Cannot use JSX unless the '--jsx' flag is provided.
src/app/reports/page.tsx(302,29): error TS17004: Cannot use JSX unless the '--jsx' flag is provided.
src/app/reports/page.tsx(304,25): error TS17004: Cannot use JSX unless the '--jsx' flag is provided.
src/app/reports/page.tsx(306,33): error TS17004: Cannot use JSX unless the '--jsx' flag is provided.
src/app/reports/page.tsx(307,37): error TS17004: Cannot use JSX unless the '--jsx' flag is provided.
src/app/reports/page.tsx(308,41): error TS17004: Cannot use JSX unless the '--jsx' flag is provided.
src/app/reports/page.tsx(309,41): error TS17004: Cannot use JSX unless the '--jsx' flag is provided.
src/app/reports/page.tsx(311,37): error TS17004: Cannot use JSX unless the '--jsx' flag is provided.
src/app/reports/page.tsx(312,41): error TS17004: Cannot use JSX unless the '--jsx' flag is provided.
src/app/reports/page.tsx(320,21): error TS17004: Cannot use JSX unless the '--jsx' flag is provided.
src/app/reports/page.tsx(321,25): error TS17004: Cannot use JSX unless the '--jsx' flag is provided.
src/app/reports/page.tsx(322,29): error TS17004: Cannot use JSX unless the '--jsx' flag is provided.
src/app/reports/page.tsx(324,25): error TS17004: Cannot use JSX unless the '--jsx' flag is provided.
src/app/reports/page.tsx(325,29): error TS17004: Cannot use JSX unless the '--jsx' flag is provided.
src/app/reports/page.tsx(326,33): error TS17004: Cannot use JSX unless the '--jsx' flag is provided.
src/app/reports/page.tsx(327,37): error TS17004: Cannot use JSX unless the '--jsx' flag is provided.
src/app/reports/page.tsx(328,41): error TS17004: Cannot use JSX unless the '--jsx' flag is provided.
src/app/reports/page.tsx(329,41): error TS17004: Cannot use JSX unless the '--jsx' flag is provided.
src/app/reports/page.tsx(330,41): error TS17004: Cannot use JSX unless the '--jsx' flag is provided.
src/app/reports/page.tsx(331,41): error TS17004: Cannot use JSX unless the '--jsx' flag is provided.
src/app/reports/page.tsx(334,33): error TS17004: Cannot use JSX unless the '--jsx' flag is provided.
src/app/reports/page.tsx(336,41): error TS17004: Cannot use JSX unless the '--jsx' flag is provided.
src/app/reports/page.tsx(337,45): error TS17004: Cannot use JSX unless the '--jsx' flag is provided.
src/app/reports/page.tsx(338,45): error TS17004: Cannot use JSX unless the '--jsx' flag is provided.
src/app/reports/page.tsx(339,45): error TS17004: Cannot use JSX unless the '--jsx' flag is provided.
src/app/reports/page.tsx(340,45): error TS17004: Cannot use JSX unless the '--jsx' flag is provided.
src/app/reports/page.tsx(341,49): error TS17004: Cannot use JSX unless the '--jsx' flag is provided.
src/app/reports/page.tsx(366,13): error TS17004: Cannot use JSX unless the '--jsx' flag is provided.
src/app/reports/page.tsx(367,17): error TS17004: Cannot use JSX unless the '--jsx' flag is provided.
src/app/reports/page.tsx(368,21): error TS17004: Cannot use JSX unless the '--jsx' flag is provided.
src/app/reports/page.tsx(369,25): error TS17004: Cannot use JSX unless the '--jsx' flag is provided.
src/app/reports/page.tsx(370,25): error TS17004: Cannot use JSX unless the '--jsx' flag is provided.
src/app/reports/page.tsx(372,21): error TS17004: Cannot use JSX unless the '--jsx' flag is provided.
src/app/reports/page.tsx(373,25): error TS17004: Cannot use JSX unless the '--jsx' flag is provided.
src/app/reports/page.tsx(374,25): error TS17004: Cannot use JSX unless the '--jsx' flag is provided.
src/app/reports/page.tsx(375,25): error TS17004: Cannot use JSX unless the '--jsx' flag is provided.
src/app/reports/page.tsx(376,29): error TS17004: Cannot use JSX unless the '--jsx' flag is provided.
src/app/reports/page.tsx(379,21): error TS17004: Cannot use JSX unless the '--jsx' flag is provided.
src/app/reports/page.tsx(380,25): error TS17004: Cannot use JSX unless the '--jsx' flag is provided.
src/app/reports/page.tsx(381,25): error TS17004: Cannot use JSX unless the '--jsx' flag is provided.
src/app/reports/page.tsx(385,17): error TS17004: Cannot use JSX unless the '--jsx' flag is provided.
src/app/reports/page.tsx(386,21): error TS17004: Cannot use JSX unless the '--jsx' flag is provided.
src/app/reports/page.tsx(387,25): error TS17004: Cannot use JSX unless the '--jsx' flag is provided.
src/app/reports/page.tsx(389,21): error TS17004: Cannot use JSX unless the '--jsx' flag is provided.
src/app/reports/page.tsx(391,29): error TS17004: Cannot use JSX unless the '--jsx' flag is provided.
src/app/reports/page.tsx(392,33): error TS17004: Cannot use JSX unless the '--jsx' flag is provided.
src/app/reports/page.tsx(393,37): error TS17004: Cannot use JSX unless the '--jsx' flag is provided.
src/app/reports/page.tsx(394,57): error TS17004: Cannot use JSX unless the '--jsx' flag is provided.
src/app/reports/page.tsx(396,37): error TS17004: Cannot use JSX unless the '--jsx' flag is provided.
src/app/reports/page.tsx(397,41): error TS17004: Cannot use JSX unless the '--jsx' flag is provided.
src/app/reports/page.tsx(398,41): error TS17004: Cannot use JSX unless the '--jsx' flag is provided.
src/app/reports/page.tsx(400,37): error TS17004: Cannot use JSX unless the '--jsx' flag is provided.
src/app/reports/page.tsx(401,41): error TS17004: Cannot use JSX unless the '--jsx' flag is provided.
src/app/reports/page.tsx(402,41): error TS17004: Cannot use JSX unless the '--jsx' flag is provided.
src/app/reports/page.tsx(405,33): error TS17004: Cannot use JSX unless the '--jsx' flag is provided.
src/app/reports/page.tsx(406,37): error TS17004: Cannot use JSX unless the '--jsx' flag is provided.
src/app/reports/page.tsx(407,41): error TS17004: Cannot use JSX unless the '--jsx' flag is provided.
src/app/reports/page.tsx(408,41): error TS17004: Cannot use JSX unless the '--jsx' flag is provided.
src/app/reports/page.tsx(410,37): error TS17004: Cannot use JSX unless the '--jsx' flag is provided.
src/app/reports/page.tsx(411,41): error TS17004: Cannot use JSX unless the '--jsx' flag is provided.
src/app/reports/page.tsx(412,41): error TS17004: Cannot use JSX unless the '--jsx' flag is provided.
src/app/reports/page.tsx(414,37): error TS17004: Cannot use JSX unless the '--jsx' flag is provided.
src/app/reports/page.tsx(415,41): error TS17004: Cannot use JSX unless the '--jsx' flag is provided.
src/app/reports/page.tsx(416,41): error TS17004: Cannot use JSX unless the '--jsx' flag is provided.
src/app/reports/page.tsx(420,37): error TS17004: Cannot use JSX unless the '--jsx' flag is provided.
src/app/reports/page.tsx(431,9): error TS17004: Cannot use JSX unless the '--jsx' flag is provided.
src/app/reports/page.tsx(432,13): error TS17004: Cannot use JSX unless the '--jsx' flag is provided.
src/app/reports/page.tsx(433,17): error TS17004: Cannot use JSX unless the '--jsx' flag is provided.
src/app/reports/page.tsx(434,21): error TS17004: Cannot use JSX unless the '--jsx' flag is provided.
src/app/reports/page.tsx(435,21): error TS17004: Cannot use JSX unless the '--jsx' flag is provided.
src/app/reports/page.tsx(437,17): error TS17004: Cannot use JSX unless the '--jsx' flag is provided.
src/app/reports/page.tsx(439,25): error TS17004: Cannot use JSX unless the '--jsx' flag is provided.
src/app/reports/page.tsx(443,29): error TS17004: Cannot use JSX unless the '--jsx' flag is provided.
src/app/reports/page.tsx(447,21): error TS17004: Cannot use JSX unless the '--jsx' flag is provided.
src/app/reports/page.tsx(451,25): error TS17004: Cannot use JSX unless the '--jsx' flag is provided.
src/app/reports/page.tsx(458,13): error TS17004: Cannot use JSX unless the '--jsx' flag is provided.
src/app/reports/page.tsx(460,21): error TS17004: Cannot use JSX unless the '--jsx' flag is provided.
src/app/reports/page.tsx(471,21): error TS17004: Cannot use JSX unless the '--jsx' flag is provided.
src/app/reports/page.tsx(473,29): error TS17004: Cannot use JSX unless the '--jsx' flag is provided.
src/app/reports/page.tsx(483,25): error TS17004: Cannot use JSX unless the '--jsx' flag is provided.
src/app/reports/page.tsx(493,29): error TS17004: Cannot use JSX unless the '--jsx' flag is provided.
src/app/reports/page.tsx(494,33): error TS17004: Cannot use JSX unless the '--jsx' flag is provided.
src/app/reports/page.tsx(503,33): error TS17004: Cannot use JSX unless the '--jsx' flag is provided.
src/app/reports/page.tsx(520,17): error TS17004: Cannot use JSX unless the '--jsx' flag is provided.
src/app/reports/page.tsx(521,21): error TS17004: Cannot use JSX unless the '--jsx' flag is provided.
src/app/reports/page.tsx(522,21): error TS17004: Cannot use JSX unless the '--jsx' flag is provided.
src/app/reports/page.tsx(525,17): error TS17004: Cannot use JSX unless the '--jsx' flag is provided.
src/app/reports/page.tsx(532,25): error TS17004: Cannot use JSX unless the '--jsx' flag is provided.
src/app/reports/page.tsx(534,29): error TS17004: Cannot use JSX unless the '--jsx' flag is provided.
src/app/reports/page.tsx(535,33): error TS17004: Cannot use JSX unless the '--jsx' flag is provided.
src/app/reports/page.tsx(536,33): error TS17004: Cannot use JSX unless the '--jsx' flag is provided.
src/app/reports/page.tsx(546,33): error TS17004: Cannot use JSX unless the '--jsx' flag is provided.
src/app/reports/page.tsx(547,37): error TS17004: Cannot use JSX unless the '--jsx' flag is provided.
src/app/reports/page.tsx(548,41): error TS17004: Cannot use JSX unless the '--jsx' flag is provided.
src/app/reports/page.tsx(549,41): error TS17004: Cannot use JSX unless the '--jsx' flag is provided.
src/app/reports/page.tsx(550,45): error TS17004: Cannot use JSX unless the '--jsx' flag is provided.
src/app/reports/page.tsx(551,45): error TS17004: Cannot use JSX unless the '--jsx' flag is provided.
src/app/reports/page.tsx(552,49): error TS17004: Cannot use JSX unless the '--jsx' flag is provided.
src/app/reports/page.tsx(553,49): error TS17004: Cannot use JSX unless the '--jsx' flag is provided.
src/app/reports/page.tsx(555,45): error TS17004: Cannot use JSX unless the '--jsx' flag is provided.
src/app/reports/page.tsx(556,49): error TS17004: Cannot use JSX unless the '--jsx' flag is provided.
src/app/reports/page.tsx(561,37): error TS17004: Cannot use JSX unless the '--jsx' flag is provided.
src/app/reports/page.tsx(562,41): error TS17004: Cannot use JSX unless the '--jsx' flag is provided.
src/app/reports/page.tsx(563,41): error TS17004: Cannot use JSX unless the '--jsx' flag is provided.
src/app/reports/page.tsx(564,45): error TS17004: Cannot use JSX unless the '--jsx' flag is provided.
src/app/reports/page.tsx(565,45): error TS17004: Cannot use JSX unless the '--jsx' flag is provided.
src/app/reports/page.tsx(566,49): error TS17004: Cannot use JSX unless the '--jsx' flag is provided.
src/app/reports/page.tsx(567,49): error TS17004: Cannot use JSX unless the '--jsx' flag is provided.
src/app/reports/page.tsx(569,45): error TS17004: Cannot use JSX unless the '--jsx' flag is provided.
src/app/reports/page.tsx(573,37): error TS17004: Cannot use JSX unless the '--jsx' flag is provided.
src/app/reports/page.tsx(574,41): error TS17004: Cannot use JSX unless the '--jsx' flag is provided.
src/app/reports/page.tsx(575,45): error TS17004: Cannot use JSX unless the '--jsx' flag is provided.
src/app/reports/page.tsx(576,45): error TS17004: Cannot use JSX unless the '--jsx' flag is provided.
src/app/reports/page.tsx(576,46): error TS2304: Cannot find name 'BarChart3'.
src/app/reports/page.tsx(578,41): error TS17004: Cannot use JSX unless the '--jsx' flag is provided.
src/app/reports/page.tsx(580,49): error TS17004: Cannot use JSX unless the '--jsx' flag is provided.
src/app/reports/page.tsx(581,53): error TS17004: Cannot use JSX unless the '--jsx' flag is provided.
src/app/reports/page.tsx(582,53): error TS17004: Cannot use JSX unless the '--jsx' flag is provided.
src/app/reports/page.tsx(586,49): error TS17004: Cannot use JSX unless the '--jsx' flag is provided.
src/app/reports/page.tsx(594,29): error TS17004: Cannot use JSX unless the '--jsx' flag is provided.
src/app/reports/page.tsx(595,33): error TS17004: Cannot use JSX unless the '--jsx' flag is provided.
src/app/reports/page.tsx(596,37): error TS17004: Cannot use JSX unless the '--jsx' flag is provided.
src/app/reports/page.tsx(601,41): error TS17004: Cannot use JSX unless the '--jsx' flag is provided.
src/app/reports/page.tsx(602,45): error TS17004: Cannot use JSX unless the '--jsx' flag is provided.
src/app/reports/page.tsx(603,45): error TS17004: Cannot use JSX unless the '--jsx' flag is provided.
src/app/reports/page.tsx(604,45): error TS17004: Cannot use JSX unless the '--jsx' flag is provided.
src/app/reports/page.tsx(608,45): error TS17004: Cannot use JSX unless the '--jsx' flag is provided.
src/app/reports/page.tsx(610,53): error TS17004: Cannot use JSX unless the '--jsx' flag is provided.
src/app/reports/page.tsx(613,49): error TS17004: Cannot use JSX unless the '--jsx' flag is provided.
src/app/reports/page.tsx(614,53): error TS17004: Cannot use JSX unless the '--jsx' flag is provided.
src/app/reports/page.tsx(615,57): error TS17004: Cannot use JSX unless the '--jsx' flag is provided.
src/app/reports/page.tsx(617,65): error TS17004: Cannot use JSX unless the '--jsx' flag is provided.
src/app/reports/page.tsx(619,65): error TS17004: Cannot use JSX unless the '--jsx' flag is provided.
src/app/reports/page.tsx(623,61): error TS17004: Cannot use JSX unless the '--jsx' flag is provided.
src/app/reports/page.tsx(624,86): error TS17004: Cannot use JSX unless the '--jsx' flag is provided.
src/app/reports/page.tsx(624,137): error TS17004: Cannot use JSX unless the '--jsx' flag is provided.
src/app/reports/page.tsx(627,57): error TS17004: Cannot use JSX unless the '--jsx' flag is provided.
src/app/reports/page.tsx(628,61): error TS17004: Cannot use JSX unless the '--jsx' flag is provided.
src/app/reports/page.tsx(629,61): error TS17004: Cannot use JSX unless the '--jsx' flag is provided.
src/app/reports/page.tsx(630,65): error TS17004: Cannot use JSX unless the '--jsx' flag is provided.
src/app/reports/page.tsx(631,65): error TS17004: Cannot use JSX unless the '--jsx' flag is provided.
src/app/reports/page.tsx(632,65): error TS17004: Cannot use JSX unless the '--jsx' flag is provided.
src/app/reports/page.tsx(633,65): error TS17004: Cannot use JSX unless the '--jsx' flag is provided.
src/app/reports/page.tsx(635,69): error TS17004: Cannot use JSX unless the '--jsx' flag is provided.
src/app/reports/page.tsx(636,73): error TS17004: Cannot use JSX unless the '--jsx' flag is provided.
src/app/reports/page.tsx(637,73): error TS17004: Cannot use JSX unless the '--jsx' flag is provided.
src/app/reports/page.tsx(643,53): error TS17004: Cannot use JSX unless the '--jsx' flag is provided.
src/app/reports/page.tsx(644,57): error TS17004: Cannot use JSX unless the '--jsx' flag is provided.
src/app/reports/page.tsx(645,61): error TS17004: Cannot use JSX unless the '--jsx' flag is provided.
src/app/reports/page.tsx(648,57): error TS17004: Cannot use JSX unless the '--jsx' flag is provided.
src/app/reports/page.tsx(649,61): error TS17004: Cannot use JSX unless the '--jsx' flag is provided.
src/app/reports/page.tsx(655,49): error TS17004: Cannot use JSX unless the '--jsx' flag is provided.
src/app/reports/page.tsx(656,53): error TS17004: Cannot use JSX unless the '--jsx' flag is provided.
src/app/reports/page.tsx(657,57): error TS17004: Cannot use JSX unless the '--jsx' flag is provided.
src/app/reports/page.tsx(658,61): error TS17004: Cannot use JSX unless the '--jsx' flag is provided.
src/app/reports/page.tsx(658,62): error TS2304: Cannot find name 'Target'.
src/app/reports/page.tsx(660,57): error TS17004: Cannot use JSX unless the '--jsx' flag is provided.
src/app/reports/page.tsx(664,57): error TS17004: Cannot use JSX unless the '--jsx' flag is provided.
src/app/reports/page.tsx(666,65): error TS17004: Cannot use JSX unless the '--jsx' flag is provided.
src/app/reports/page.tsx(667,69): error TS17004: Cannot use JSX unless the '--jsx' flag is provided.
src/app/reports/page.tsx(668,73): error TS17004: Cannot use JSX unless the '--jsx' flag is provided.
src/app/reports/page.tsx(670,69): error TS17004: Cannot use JSX unless the '--jsx' flag is provided.
src/app/reports/page.tsx(674,65): error TS17004: Cannot use JSX unless the '--jsx' flag is provided.
src/app/reports/page.tsx(675,69): error TS17004: Cannot use JSX unless the '--jsx' flag is provided.
src/app/reports/page.tsx(676,73): error TS17004: Cannot use JSX unless the '--jsx' flag is provided.
src/app/reports/page.tsx(678,69): error TS17004: Cannot use JSX unless the '--jsx' flag is provided.
src/app/reports/page.tsx(689,33): error TS17004: Cannot use JSX unless the '--jsx' flag is provided.
src/app/reports/page.tsx(692,41): error TS17004: Cannot use JSX unless the '--jsx' flag is provided.
src/app/reports/page.tsx(693,45): error TS17004: Cannot use JSX unless the '--jsx' flag is provided.
src/app/reports/page.tsx(694,49): error TS17004: Cannot use JSX unless the '--jsx' flag is provided.
src/app/reports/page.tsx(697,45): error TS17004: Cannot use JSX unless the '--jsx' flag is provided.
src/app/reports/page.tsx(699,53): error TS17004: Cannot use JSX unless the '--jsx' flag is provided.
src/app/reports/page.tsx(700,57): error TS17004: Cannot use JSX unless the '--jsx' flag is provided.
src/app/reports/page.tsx(701,61): error TS17004: Cannot use JSX unless the '--jsx' flag is provided.
src/app/reports/page.tsx(702,61): error TS17004: Cannot use JSX unless the '--jsx' flag is provided.
src/app/reports/page.tsx(704,57): error TS17004: Cannot use JSX unless the '--jsx' flag is provided.
