src/app/reports/page.tsx(12,27): error TS2307: Cannot find module '@/lib/toast' or its corresponding type declarations.
src/app/reports/page.tsx(576,46): error TS2304: Cannot find name 'BarChart3'.
src/app/reports/page.tsx(658,62): error TS2304: Cannot find name 'Target'.
src/components/dashboard/WorkspaceHealthWidget.tsx(47,26): error TS18048: 'stats.critical' is possibly 'undefined'.
src/components/dashboard/WorkspaceHealthWidget.tsx(50,26): error TS18048: 'stats.critical' is possibly 'undefined'.
src/components/dashboard/WorkspaceHealthWidget.tsx(51,42): error TS18048: 'stats' is possibly 'undefined'.
test-prisma.ts(11,23): error TS18046: 'error' is of type 'unknown'.
